// Vitest Snapshot v1, https://vitest.dev/guide/snapshot.html

exports[`Componente MensajesAdmin > coincide con el snapshot actual 1`] = `
<div>
  <section
    class="mensajes-section"
  >
    <h2>
      Bandeja de Mensajes
    </h2>
    <p
      class="mensaje-vacio"
    >
      No hay mensajes nuevos
    </p>
  </section>
</div>
`;
